// Jest Snapshot v1, https://goo.gl/fbAQLP

exports[`Home renders correctly 1`] = `
<p
  className="uppercase"
>
  Hello, world
</p>
`;
